[0] = Name: DreamLeague
Title: Alliance vs Team Empire - Playoff ASUS ROG DreamLeauge Season 1
Viewers: 79094
Id: 9914729856
Site: TwitchTv
IsFavorite: False
GameName: Dota 2
ChannelId: 50160915
LoginNameTwtv: dreamleague
ThumbnailURI: http://static-cdn.jtvnw.net/previews-ttv/live_user_dreamleague-640x400.jpg

[1] = Name: DreamLeague_v1lat
Title: Empire -vs- The Alliance LIVE | DreamLeague LAN Finals | Day 2 | by v1lat & CaspeRRR
Viewers: 66597
Id: 9914624784
Site: TwitchTv
IsFavorite: False
GameName: Dota 2
ChannelId: 50904520
LoginNameTwtv: dreamleague_v1lat
ThumbnailURI: http://static-cdn.jtvnw.net/previews-ttv/live_user_dreamleague_v1lat-640x400.jpg

[2] = Name: DreamhackSC2
Title: DreamHack Open: Summer 2014 - Day 1
Viewers: 43859
Id: 9914790272
Site: TwitchTv
IsFavorite: False
GameName: StarCraft II: Heart of the Swarm
ChannelId: 22859340
LoginNameTwtv: dreamhacksc2
ThumbnailURI: http://static-cdn.jtvnw.net/previews-ttv/live_user_dreamhacksc2-640x400.jpg

[3] = Name: Nightblue3
Title: Nightblue | Challenger Solo Queue | Q&A in Queue | S4/S3 NA Challenger | Showing you how to gain elo | Jungle Main |
Viewers: 27404
Id: 9915141216
Site: TwitchTv
IsFavorite: False
GameName: League of Legends
ChannelId: 26946000
LoginNameTwtv: nightblue3
ThumbnailURI: http://static-cdn.jtvnw.net/previews-ttv/live_user_nightblue3-640x400.jpg

[4] = Name: DreamhackCS
Title: DreamHack Steelseries CS:GO Championship
Viewers: 18414
Id: 9914720176
Site: TwitchTv
IsFavorite: False
GameName: Counter-Strike: Global Offensive
ChannelId: 22859264
LoginNameTwtv: dreamhackcs
ThumbnailURI: http://static-cdn.jtvnw.net/previews-ttv/live_user_dreamhackcs-640x400.jpg

[5] = Name: sodapoppin
Title: <@SodapoppinTV> Sh*t Show Sunday #43 (Subs recommend games for me to play)  Streaming from Dreamhack. I will take snus today.
Viewers: 16195
Id: 9917739136
Site: TwitchTv
IsFavorite: False
GameName: World of Warcraft: Mists of Pandaria
ChannelId: 26301881
LoginNameTwtv: sodapoppin
ThumbnailURI: http://static-cdn.jtvnw.net/previews-ttv/live_user_sodapoppin-640x400.jpg

[6] = Name: TSM_TheOddOne
Title: TSM TheOddOne EUW Subwars
Viewers: 12242
Id: 9915987424
Site: TwitchTv
IsFavorite: False
GameName: League of Legends
ChannelId: 30080840
LoginNameTwtv: tsm_theoddone
ThumbnailURI: http://static-cdn.jtvnw.net/previews-ttv/live_user_tsm_theoddone-640x400.jpg

[7] = Name: DreamhackLoL
Title: DreamHack League of Legends Championship - by Plantronics
Viewers: 11543
Id: 9914239920
Site: TwitchTv
IsFavorite: False
GameName: League of Legends
ChannelId: 26362946
LoginNameTwtv: dreamhacklol
ThumbnailURI: http://static-cdn.jtvnw.net/previews-ttv/live_user_dreamhacklol-640x400.jpg

[8] = Name: LIRIK
Title: GAMES AND STUFF - @DatGuyLirik
Viewers: 11393
Id: 9917219168
Site: TwitchTv
IsFavorite: False
GameName: DayZ
ChannelId: 23161357
LoginNameTwtv: lirik
ThumbnailURI: http://static-cdn.jtvnw.net/previews-ttv/live_user_lirik-640x400.jpg

[9] = Name: SCGLive
Title: SCG Open Series Columbus featuring The Invitational - June 13-15, 2014
Viewers: 10052
Id: 9891769984
Site: TwitchTv
IsFavorite: False
GameName: Magic: The Gathering
ChannelId: 22480377
LoginNameTwtv: scglive
ThumbnailURI: http://static-cdn.jtvnw.net/previews-ttv/live_user_scglive-640x400.jpg

[10] = Name: PhantomL0rd
Title: PhantomL0rd @ DREAMHACK!!
Viewers: 7540
Id: 9917115440
Site: TwitchTv
IsFavorite: False
GameName: League of Legends
ChannelId: 37701508
LoginNameTwtv: phantoml0rd
ThumbnailURI: http://static-cdn.jtvnw.net/previews-ttv/live_user_phantoml0rd-640x400.jpg

[11] = Name: MushIsGosu
Title: hi im Gosu - ADC - Diamond 1 98 LP
Viewers: 7078
Id: 9917434032
Site: TwitchTv
IsFavorite: False
GameName: League of Legends
ChannelId: 41939266
LoginNameTwtv: mushisgosu
ThumbnailURI: http://static-cdn.jtvnw.net/previews-ttv/live_user_mushisgosu-640x400.jpg

[12] = Name: Kolento
Title: Playing constructed on EU.
Viewers: 6267
Id: 9917167456
Site: TwitchTv
IsFavorite: False
GameName: Hearthstone: Heroes of Warcraft
ChannelId: 29107421
LoginNameTwtv: kolento
ThumbnailURI: http://static-cdn.jtvnw.net/previews-ttv/live_user_kolento-640x400.jpg

[13] = Name: Smitegame
Title: SWC EU Week 6 Finals - Cloud 9 (1)  vs Agilitas (0) Game 2
Viewers: 6058
Id: 9915006480
Site: TwitchTv
IsFavorite: False
GameName: Smite
ChannelId: 31500812
LoginNameTwtv: smitegame
ThumbnailURI: http://static-cdn.jtvnw.net/previews-ttv/live_user_smitegame-640x400.jpg

[14] = Name: x5tv
Title: Brasil Gaming League Crossfire
Viewers: 5477
Id: 9915455968
Site: TwitchTv
IsFavorite: False
GameName: Crossfire
ChannelId: 40584032
LoginNameTwtv: x5tv
ThumbnailURI: http://static-cdn.jtvnw.net/previews-ttv/live_user_x5tv-640x400.jpg

[15] = Name: ceh9
Title: OPENING CASES before Na`Vi vs Fsid3 @ DREAMHACK by ceh9
Viewers: 5205
Id: 9915242368
Site: TwitchTv
IsFavorite: False
GameName: Counter-Strike: Global Offensive
ChannelId: 39176562
LoginNameTwtv: ceh9
ThumbnailURI: http://static-cdn.jtvnw.net/previews-ttv/live_user_ceh9-640x400.jpg

[16] = Name: Sevadus
Title: Simulator Sunday! .:. @sevadus .:. sevadus.tv
Viewers: 4519
Id: 9916565392
Site: TwitchTv
IsFavorite: False
GameName: SIMCITY (2013)
ChannelId: 25553391
LoginNameTwtv: sevadus
ThumbnailURI: http://static-cdn.jtvnw.net/previews-ttv/live_user_sevadus-640x400.jpg

[17] = Name: SparkofPhoenixTV
Title:  [German] Minecraft Galaxy (Attack of the B Team) 19:00 - 21:00 Uhr! (So 15.06)
Viewers: 4275
Id: 9917727824
Site: TwitchTv
IsFavorite: False
GameName: Minecraft
ChannelId: 36464115
LoginNameTwtv: sparkofphoenixtv
ThumbnailURI: http://static-cdn.jtvnw.net/previews-ttv/live_user_sparkofphoenixtv-640x400.jpg

[18] = Name: Nervarien
Title: Nervarien lvling up smurf
Viewers: 3968
Id: 9915508224
Site: TwitchTv
IsFavorite: False
GameName: League of Legends
ChannelId: 25452510
LoginNameTwtv: nervarien
ThumbnailURI: http://static-cdn.jtvnw.net/previews-ttv/live_user_nervarien-640x400.jpg

[19] = Name: QuickyBaby
Title: QuickyBaby || 3050+ WN8 || 15/06/2014
Viewers: 3745
Id: 9917104816
Site: TwitchTv
IsFavorite: False
GameName: World of Tanks
ChannelId: 30623831
LoginNameTwtv: quickybaby
ThumbnailURI: http://static-cdn.jtvnw.net/previews-ttv/live_user_quickybaby-640x400.jpg

[20] = Name: sparcmaclived
Title: Sparc Mac - Elite Clue Hunt [10 hours dry]
Viewers: 3325
Id: 9916336096
Site: TwitchTv
IsFavorite: False
GameName: RuneScape
ChannelId: 41244221
LoginNameTwtv: sparcmaclived
ThumbnailURI: http://static-cdn.jtvnw.net/previews-ttv/live_user_sparcmaclived-640x400.jpg

[21] = Name: asiagodtonegg3be0
Title: 亞洲飽春 台肥烘培航 - 呷胖登場 <3 :: Taiwan Rank  Diamond I :: Gragas God
Viewers: 3277
Id: 9914143216
Site: TwitchTv
IsFavorite: False
GameName: League of Legends
ChannelId: 43177431
LoginNameTwtv: asiagodtonegg3be0
ThumbnailURI: http://static-cdn.jtvnw.net/previews-ttv/live_user_asiagodtonegg3be0-640x400.jpg

[22] = Name: ShowVideoGames
Title: 400+ Hour FINAL DAY Mario Kart Marathon - Giveaways Prizes - Mario Kart 8 - Online Races - 8 Subs +1 Hour - Wii U Giveaway
Viewers: 3122
Id: 9899700352
Site: TwitchTv
IsFavorite: False
GameName: Mario Kart 8
ChannelId: 45837105
LoginNameTwtv: showvideogames
ThumbnailURI: http://static-cdn.jtvnw.net/previews-ttv/live_user_showvideogames-640x400.jpg

[23] = Name: MiSTakElolz
Title: MiSTakE - 韓服鑽一天梯。Diamond 1 SoloQ on KR server. (中文/Eng)
Viewers: 2980
Id: 9913870864
Site: TwitchTv
IsFavorite: False
GameName: League of Legends
ChannelId: 29825457
LoginNameTwtv: mistakelolz
ThumbnailURI: http://static-cdn.jtvnw.net/previews-ttv/live_user_mistakelolz-640x400.jpg

[24] = Name: Swifty
Title: Swifty 24 Hour Stream / Gaming at the Dreamhack!
Viewers: 2917
Id: 9917645808
Site: TwitchTv
IsFavorite: False
GameName: World of Warcraft: Mists of Pandaria
ChannelId: 23524577
LoginNameTwtv: swifty
ThumbnailURI: http://static-cdn.jtvnw.net/previews-ttv/live_user_swifty-640x400.jpg

[25] = Name: LegendaryLea
Title: Dreamhack Stream Day 2. I finally slept for longer than three hours \^_^/ Hall B Row 8 seat 46
Viewers: 2779
Id: 9918109616
Site: TwitchTv
IsFavorite: False
GameName: Hearthstone: Heroes of Warcraft
ChannelId: 37116492
LoginNameTwtv: legendarylea
ThumbnailURI: http://static-cdn.jtvnw.net/previews-ttv/live_user_legendarylea-640x400.jpg

[26] = Name: BeyondTheSummit
Title: REBROADCAST: ECL LAN Finals - DK vs NB (WB Finals), iG vs Loser (LB Finals), then Grand Finals
Viewers: 2772
Id: 9916979024
Site: TwitchTv
IsFavorite: False
GameName: Dota 2
ChannelId: 29578325
LoginNameTwtv: beyondthesummit
ThumbnailURI: http://static-cdn.jtvnw.net/previews-ttv/live_user_beyondthesummit-640x400.jpg

[27] = Name: Ludendi
Title: Team Ludendi presents speedrunning at DreamHack Summer 2014!
Viewers: 2680
Id: 9911305984
Site: TwitchTv
IsFavorite: False
GameName: Donkey Kong Country 2: Diddy's Kong Quest
ChannelId: 28673774
LoginNameTwtv: ludendi
ThumbnailURI: http://static-cdn.jtvnw.net/previews-ttv/live_user_ludendi-640x400.jpg

[28] = Name: DaSquirrelsNuts
Title: SPINTIRES Developer Interview | Da-Nut-House
Viewers: 2589
Id: 9917731760
Site: TwitchTv
IsFavorite: False
GameName: Spin Tires
ChannelId: 30196776
LoginNameTwtv: dasquirrelsnuts
ThumbnailURI: http://static-cdn.jtvnw.net/previews-ttv/live_user_dasquirrelsnuts-640x400.jpg

[29] = Name: TaKeTV
Title: [GER] DHOPEN Summer - Day 2
Viewers: 2471
Id: 9914972896
Site: TwitchTv
IsFavorite: False
GameName: StarCraft II: Heart of the Swarm
ChannelId: 30186974
LoginNameTwtv: taketv
ThumbnailURI: http://static-cdn.jtvnw.net/previews-ttv/live_user_taketv-640x400.jpg

[30] = Name: CohhCarnage
Title: [V. Hard/Hardcore/No Ranged] Fallout: New Vegas - The drug-addicted, kleptomaniac Ninja playthrough (!fnvninja for info) - [Day 244]
Viewers: 2338
Id: 9914951456
Site: TwitchTv
IsFavorite: False
GameName: Fallout: New Vegas
ChannelId: 26610234
LoginNameTwtv: cohhcarnage
ThumbnailURI: http://static-cdn.jtvnw.net/previews-ttv/live_user_cohhcarnage-640x400.jpg

[31] = Name: gnumme
Title: Русский стрим от Гнума! Слабоумие и отвага на арене и в ранкеде. Ja!
Viewers: 2192
Id: 9915005888
Site: TwitchTv
IsFavorite: False
GameName: Hearthstone: Heroes of Warcraft
ChannelId: 40022691
LoginNameTwtv: gnumme
ThumbnailURI: http://static-cdn.jtvnw.net/previews-ttv/live_user_gnumme-640x400.jpg

[32] = Name: BASETRADETV
Title: Jjakji vs Mana - DHOpen [English] by BaseTradeTV
Viewers: 2184
Id: 9915145712
Site: TwitchTv
IsFavorite: False
GameName: StarCraft II: Heart of the Swarm
ChannelId: 36619478
LoginNameTwtv: basetradetv
ThumbnailURI: http://static-cdn.jtvnw.net/previews-ttv/live_user_basetradetv-640x400.jpg

[33] = Name: infinitecrisis
Title: Dreamhack clash! Dignitas vs. Na'Vi! $2000 per win!
Viewers: 1839
Id: 9913540880
Site: TwitchTv
IsFavorite: False
GameName: Infinite Crisis
ChannelId: 41293043
LoginNameTwtv: infinitecrisis
ThumbnailURI: http://static-cdn.jtvnw.net/previews-ttv/live_user_infinitecrisis-640x400.jpg

[34] = Name: dreamleague_es
Title: [ES] ASUS ROG DreamLeague - LAN  Alliance (1)  vs Empire (0)  B03  - Día 2
Viewers: 1756
Id: 9915506672
Site: TwitchTv
IsFavorite: False
GameName: Dota 2
ChannelId: 57886797
LoginNameTwtv: dreamleague_es
ThumbnailURI: http://static-cdn.jtvnw.net/previews-ttv/live_user_dreamleague_es-640x400.jpg

[35] = Name: Virtuspro1SC2
Title: DreamHack Summer, Группа В: Snute, HerO, Jjakji, Dayshi
Viewers: 1694
Id: 9917416736
Site: TwitchTv
IsFavorite: False
GameName: StarCraft II: Heart of the Swarm
ChannelId: 28648640
LoginNameTwtv: virtuspro1sc2
ThumbnailURI: http://static-cdn.jtvnw.net/previews-ttv/live_user_virtuspro1sc2-640x400.jpg

[36] = Name: Ducksauce
Title: [Ducksauce] - Streaming for St. Jude Children's Hospital!
Viewers: 1616
Id: 9915948208
Site: TwitchTv
IsFavorite: False
GameName: Hearthstone: Heroes of Warcraft
ChannelId: 31606651
LoginNameTwtv: ducksauce
ThumbnailURI: http://static-cdn.jtvnw.net/previews-ttv/live_user_ducksauce-640x400.jpg

[37] = Name: Furkay
Title: [GER] A Wizard's Lizard [nosrl]
Viewers: 1494
Id: 9917265168
Site: TwitchTv
IsFavorite: False
GameName: A Wizard's Lizard
ChannelId: 29514354
LoginNameTwtv: furkay
ThumbnailURI: http://static-cdn.jtvnw.net/previews-ttv/live_user_furkay-640x400.jpg

[38] = Name: KittyPlaysGames
Title:  DREAMHACK SWEDEN DAY 2 :D Giveaways planned here for tomorrow :D Hall B Row 8
Viewers: 1402
Id: 9918060288
Site: TwitchTv
IsFavorite: False
GameName: Counter-Strike: Global Offensive
ChannelId: 39627315
LoginNameTwtv: kittyplaysgames
ThumbnailURI: http://static-cdn.jtvnw.net/previews-ttv/live_user_kittyplaysgames-640x400.jpg

[39] = Name: best_korea_63
Title: Korea SoloQ - Challengers 2500+ Elo
Viewers: 1387
Id: 9916220624
Site: TwitchTv
IsFavorite: False
GameName: League of Legends
ChannelId: 64418217
LoginNameTwtv: best_korea_63
ThumbnailURI: http://static-cdn.jtvnw.net/previews-ttv/live_user_best_korea_63-640x400.jpg

[40] = Name: TabzzHD
Title: [A] Tabzz HyperX
Viewers: 1383
Id: 9915930784
Site: TwitchTv
IsFavorite: False
GameName: League of Legends
ChannelId: 37891479
LoginNameTwtv: tabzzhd
ThumbnailURI: http://static-cdn.jtvnw.net/previews-ttv/live_user_tabzzhd-640x400.jpg

[41] = Name: TwitchPlaysPokemon
Title: Twitch Plays Pokemon (Enter button inputs via chat!!!)
Viewers: 1371
Id: 9911368464
Site: TwitchTv
IsFavorite: False
GameName: Pokémon Black/White
ChannelId: 56648155
LoginNameTwtv: twitchplayspokemon
ThumbnailURI: http://static-cdn.jtvnw.net/previews-ttv/live_user_twitchplayspokemon-640x400.jpg

[42] = Name: EmStarcraft
Title: DH Open ­ Polish stream by EmSc2Tv
Viewers: 1366
Id: 9914894704
Site: TwitchTv
IsFavorite: False
GameName: StarCraft II: Heart of the Swarm
ChannelId: 20899820
LoginNameTwtv: emstarcraft
ThumbnailURI: http://static-cdn.jtvnw.net/previews-ttv/live_user_emstarcraft-640x400.jpg

[43] = Name: TheKedosZone
Title: TheKedosZone - German Live Let's Play
Viewers: 1297
Id: 9917684464
Site: TwitchTv
IsFavorite: False
GameName: Minecraft
ChannelId: 21739612
LoginNameTwtv: thekedoszone
ThumbnailURI: http://static-cdn.jtvnw.net/previews-ttv/live_user_thekedoszone-640x400.jpg

[44] = Name: Wootystyle
Title: Road to AFRO! :: Gut Knife Blue Steel(200pt) Giveaway!
Viewers: 1247
Id: 9916949616
Site: TwitchTv
IsFavorite: False
GameName: Counter-Strike: Global Offensive
ChannelId: 35980760
LoginNameTwtv: wootystyle
ThumbnailURI: http://static-cdn.jtvnw.net/previews-ttv/live_user_wootystyle-640x400.jpg

[45] = Name: Alinity
Title: Alinity || Ahri Cosplay - 10 squats per sub, don't make me sweaty! Short stream before running to the hospital :)
Viewers: 1240
Id: 9916652992
Site: TwitchTv
IsFavorite: False
GameName: World of Warcraft: Mists of Pandaria
ChannelId: 38718052
LoginNameTwtv: alinity
ThumbnailURI: http://static-cdn.jtvnw.net/previews-ttv/live_user_alinity-640x400.jpg

[46] = Name: Pokelawls
Title: President of LOL | EUW 5-0 RANKED! | D1 ADC/MARKSMAN | Teaching you how to improve!.. sometimes. |
Viewers: 1215
Id: 9914249840
Site: TwitchTv
IsFavorite: False
GameName: League of Legends
ChannelId: 12943173
LoginNameTwtv: pokelawls
ThumbnailURI: http://static-cdn.jtvnw.net/previews-ttv/live_user_pokelawls-640x400.jpg

[47] = Name: Dexter_BL
Title: 25% off Wildstar | Beer for Breakfast | 500+ HR Stream +1hr per 4 sub! Giveaways!
Viewers: 1086
Id: 9855387872
Site: TwitchTv
IsFavorite: False
GameName: WildStar
ChannelId: 10180554
LoginNameTwtv: dexter_bl
ThumbnailURI: http://static-cdn.jtvnw.net/previews-ttv/live_user_dexter_bl-640x400.jpg

[48] = Name: Xargon0731
Title: Xargon實況台【一場LOL  等等L4D2大團】
Viewers: 1062
Id: 9917188672
Site: TwitchTv
IsFavorite: False
GameName: Left 4 Dead 2
ChannelId: 47250099
LoginNameTwtv: xargon0731
ThumbnailURI: http://static-cdn.jtvnw.net/previews-ttv/live_user_xargon0731-640x400.jpg

[49] = Name: lolstarladder
Title:  Starladder.TV Starseries GameDay 17
Viewers: 1060
Id: 9913476432
Site: TwitchTv
IsFavorite: False
GameName: League of Legends
ChannelId: 54882935
LoginNameTwtv: lolstarladder
ThumbnailURI: http://static-cdn.jtvnw.net/previews-ttv/live_user_lolstarladder-640x400.jpg

[50] = Name: A1taOda
Title: Калибровочка 8-1 Показываю как делать 5к+
Viewers: 1046
Id: 9913602640
Site: TwitchTv
IsFavorite: False
GameName: Dota 2
ChannelId: 51435464
LoginNameTwtv: a1taoda
ThumbnailURI: http://static-cdn.jtvnw.net/previews-ttv/live_user_a1taoda-640x400.jpg

[51] = Name: TrumpSC
Title: Trump Watches Dreamhack come chat about it yo~  (http://www.viagame.com/channels/hearthstone-championship/)
Viewers: 1038
Id: 9918096544
Site: TwitchTv
IsFavorite: False
GameName: Hearthstone: Heroes of Warcraft
ChannelId: 14836307
LoginNameTwtv: trumpsc
ThumbnailURI: http://static-cdn.jtvnw.net/previews-ttv/live_user_trumpsc-640x400.jpg

[52] = Name: Swiftor
Title: Some Destiny before I hang out with Dad. Happy Fathers Day to all the dads out there!
Viewers: 1026
Id: 9916751008
Site: TwitchTv
IsFavorite: False
GameName: Destiny
ChannelId: 274625
LoginNameTwtv: swiftor
ThumbnailURI: http://static-cdn.jtvnw.net/previews-ttv/live_user_swiftor-640x400.jpg

[53] = Name: ESLTV_Hungary
Title: LoLfoglalás elődöntő: Wasteland Heroes  vs Nem volt jobb jungler  Kommentátor: PierceTheHeaven & Arwyll
Viewers: 1018
Id: 9915313776
Site: TwitchTv
IsFavorite: False
GameName: League of Legends
ChannelId: 52245511
LoginNameTwtv: esltv_hungary
ThumbnailURI: http://static-cdn.jtvnw.net/previews-ttv/live_user_esltv_hungary-640x400.jpg

[54] = Name: luke4316live
Title: MONDIALI IN FIFA! SPACCHETTAMENTO TIME - XBOX ONE -
Viewers: 1007
Id: 9916658656
Site: TwitchTv
IsFavorite: False
GameName: FIFA 14
ChannelId: 43725651
LoginNameTwtv: luke4316live
ThumbnailURI: http://static-cdn.jtvnw.net/previews-ttv/live_user_luke4316live-640x400.jpg

[55] = Name: LAGTVMaximusBlack
Title: Future TSM Water Boy MaximusBlack & The FellowShip Of The Bouses!
Viewers: 1007
Id: 9915013360
Site: TwitchTv
IsFavorite: False
GameName: League of Legends
ChannelId: 23945610
LoginNameTwtv: lagtvmaximusblack
ThumbnailURI: http://static-cdn.jtvnw.net/previews-ttv/live_user_lagtvmaximusblack-640x400.jpg

[56] = Name: SoupOrHero
Title: Male Gamer does 2nd Elite
Viewers: 986
Id: 9917645696
Site: TwitchTv
IsFavorite: False
GameName: RuneScape
ChannelId: 27184484
LoginNameTwtv: souporhero
ThumbnailURI: http://static-cdn.jtvnw.net/previews-ttv/live_user_souporhero-640x400.jpg

[57] = Name: TheMooseClub
Title: 3v3 | Voidleague EUW Tournament FINAL | The Moose Club
Viewers: 975
Id: 9915951216
Site: TwitchTv
IsFavorite: False
GameName: League of Legends
ChannelId: 60273639
LoginNameTwtv: themooseclub
ThumbnailURI: http://static-cdn.jtvnw.net/previews-ttv/live_user_themooseclub-640x400.jpg

[58] = Name: heyitsBBG
Title: 24 Hour Charity Stream For Children's Cancer (Hopes & Heroes Foundation)
Viewers: 950
Id: 9913419920
Site: TwitchTv
IsFavorite: False
GameName: Call of Duty: Ghosts
ChannelId: 22168893
LoginNameTwtv: heyitsbbg
ThumbnailURI: http://static-cdn.jtvnw.net/previews-ttv/live_user_heyitsbbg-640x400.jpg

[59] = Name: Moondye7
Title: ヽ༼ຈل͜ຈ༽ﾉ 15.06.2014 DayZ Stream ! Wann 19-21 Uhr ! HEUTE ᕕ( ᐛ )ᕗ
Viewers: 934
Id: 9917833840
Site: TwitchTv
IsFavorite: False
GameName: DayZ
ChannelId: 35933008
LoginNameTwtv: moondye7
ThumbnailURI: http://static-cdn.jtvnw.net/previews-ttv/live_user_moondye7-640x400.jpg

[60] = Name: MrMaikAp
Title: 16 Uhr offizieller Stream start!!! #MaikUnity
Viewers: 928
Id: 9915758368
Site: TwitchTv
IsFavorite: False
GameName: League of Legends
ChannelId: 48467303
LoginNameTwtv: mrmaikap
ThumbnailURI: http://static-cdn.jtvnw.net/previews-ttv/live_user_mrmaikap-640x400.jpg

[61] = Name: GisadoX
Title: DH Open - Korean stream by Gisado
Viewers: 927
Id: 9914913856
Site: TwitchTv
IsFavorite: False
GameName: StarCraft II: Heart of the Swarm
ChannelId: 38750150
LoginNameTwtv: gisadox
ThumbnailURI: http://static-cdn.jtvnw.net/previews-ttv/live_user_gisadox-640x400.jpg

[62] = Name: Tankistarladder
Title: Tanki Online Starladder.tv
Viewers: 903
Id: 9915600544
Site: TwitchTv
IsFavorite: False
GameName: Tanki Online
ChannelId: 62297903
LoginNameTwtv: tankistarladder
ThumbnailURI: http://static-cdn.jtvnw.net/previews-ttv/live_user_tankistarladder-640x400.jpg

[63] = Name: chinglishtv
Title: Chinglish Live from Dreamhack | #stillalive #hypetrain #subtrain
Viewers: 891
Id: 9914380048
Site: TwitchTv
IsFavorite: False
GameName: World of Warcraft: Mists of Pandaria
ChannelId: 38779717
LoginNameTwtv: chinglishtv
ThumbnailURI: http://static-cdn.jtvnw.net/previews-ttv/live_user_chinglishtv-640x400.jpg

[64] = Name: LegendOfGamer
Title: [NA] - RIP League Chat - Short Stream (Maybe) Doing Team Builder IRL (Gold & Above)
Viewers: 851
Id: 9914574752
Site: TwitchTv
IsFavorite: False
GameName: League of Legends
ChannelId: 12263105
LoginNameTwtv: legendofgamer
ThumbnailURI: http://static-cdn.jtvnw.net/previews-ttv/live_user_legendofgamer-640x400.jpg

[65] = Name: Hotted89
Title: <HOTTED> AT DREAMHACK!  Moonkin RBGS! Warlords Alpha and more!! RAZER GIVEAWAYS next @2500 Viewers!
Viewers: 833
Id: 9914494768
Site: TwitchTv
IsFavorite: False
GameName: World of Warcraft: Mists of Pandaria
ChannelId: 20260659
LoginNameTwtv: hotted89
ThumbnailURI: http://static-cdn.jtvnw.net/previews-ttv/live_user_hotted89-640x400.jpg

[66] = Name: MilleniumTV
Title: Dreamhack Summer 2014
Viewers: 827
Id: 9915129088
Site: TwitchTv
IsFavorite: False
GameName: StarCraft II: Heart of the Swarm
ChannelId: 26213147
LoginNameTwtv: milleniumtv
ThumbnailURI: http://static-cdn.jtvnw.net/previews-ttv/live_user_milleniumtv-640x400.jpg

[67] = Name: UselessMouth
Title: Mario Party 8 - Отдыхаем и Играем
Viewers: 799
Id: 9917028752
Site: TwitchTv
IsFavorite: False
GameName: Mario Party 8
ChannelId: 22877031
LoginNameTwtv: uselessmouth
ThumbnailURI: http://static-cdn.jtvnw.net/previews-ttv/live_user_uselessmouth-640x400.jpg

[68] = Name: Ass_inFire
Title: TOP 1 EU PLAYS RU.
Viewers: 798
Id: 9917212352
Site: TwitchTv
IsFavorite: False
GameName: World of Tanks
ChannelId: 62271603
LoginNameTwtv: ass_infire
ThumbnailURI: http://static-cdn.jtvnw.net/previews-ttv/live_user_ass_infire-640x400.jpg

[69] = Name: yznb
Title: Yacine 'yzn' Laghmari | #MATCHMAKING
Viewers: 775
Id: 9917438464
Site: TwitchTv
IsFavorite: False
GameName: Counter-Strike: Global Offensive
ChannelId: 31582993
LoginNameTwtv: yznb
ThumbnailURI: http://static-cdn.jtvnw.net/previews-ttv/live_user_yznb-640x400.jpg

[70] = Name: RiotGamesEL
Title: Αναβάθμιση στο Φαράγγι των Επικαλεστών
Viewers: 768
Id: 9917500448
Site: TwitchTv
IsFavorite: False
GameName: League of Legends
ChannelId: 36514204
LoginNameTwtv: riotgamesel
ThumbnailURI: http://static-cdn.jtvnw.net/previews-ttv/live_user_riotgamesel-640x400.jpg

[71] = Name: Aiekillu
Title: [Fr] On test deux nouveaux jeux : Zoo Park et Spintires ensuite BATTLE ROYALE!
Viewers: 751
Id: 9918063792
Site: TwitchTv
IsFavorite: False
GameName: Spin Tires
ChannelId: 27085209
LoginNameTwtv: aiekillu
ThumbnailURI: http://static-cdn.jtvnw.net/previews-ttv/live_user_aiekillu-640x400.jpg

[72] = Name: GamingLive_TV
Title: [FR] DreamHack Summer 2014 avec LDLC & VakarM sur GamingLive ! Day-2
Viewers: 735
Id: 9914435856
Site: TwitchTv
IsFavorite: False
GameName: Counter-Strike: Global Offensive
ChannelId: 62240511
LoginNameTwtv: gaminglive_tv
ThumbnailURI: http://static-cdn.jtvnw.net/previews-ttv/live_user_gaminglive_tv-640x400.jpg

[73] = Name: LegendsBRtv
Title: Raidcall Torneio dos Legends -GRUPO ID 2020 - CHAT E SORTEIOS
Viewers: 720
Id: 9916917680
Site: TwitchTv
IsFavorite: False
GameName: League of Legends
ChannelId: 30803782
LoginNameTwtv: legendsbrtv
ThumbnailURI: http://static-cdn.jtvnw.net/previews-ttv/live_user_legendsbrtv-640x400.jpg

[74] = Name: Dreamhack
Title: Dreamhack Main Stage Summer 2014
Viewers: 713
Id: 9901765152
Site: TwitchTv
IsFavorite: False
GameName: 
ChannelId: 186012
LoginNameTwtv: dreamhack
ThumbnailURI: http://static-cdn.jtvnw.net/previews-ttv/live_user_dreamhack-640x400.jpg

[75] = Name: TorNis
Title: Fez | So many secrets! [ENG/RUS]
Viewers: 683
Id: 9914132560
Site: TwitchTv
IsFavorite: False
GameName: Fez
ChannelId: 21794966
LoginNameTwtv: tornis
ThumbnailURI: http://static-cdn.jtvnw.net/previews-ttv/live_user_tornis-640x400.jpg

[76] = Name: Esvper
Title: [NA/TW] QnA Between games :3
Viewers: 646
Id: 9917398656
Site: TwitchTv
IsFavorite: False
GameName: League of Legends
ChannelId: 31131760
LoginNameTwtv: esvper
ThumbnailURI: http://static-cdn.jtvnw.net/previews-ttv/live_user_esvper-640x400.jpg

[77] = Name: Bigdaddyden76
Title: Bigdaddyden The Witch Doctor,2.5 Mil DPS Toxic Hound Build!!  Sub Button Hype! G Series DX Racer Chair! Show No.#287
Viewers: 644
Id: 9915451440
Site: TwitchTv
IsFavorite: False
GameName: Diablo III: Reaper of Souls
ChannelId: 40525367
LoginNameTwtv: bigdaddyden76
ThumbnailURI: http://static-cdn.jtvnw.net/previews-ttv/live_user_bigdaddyden76-640x400.jpg

[78] = Name: xSmaK
Title: SmaK - DayZ!
Viewers: 643
Id: 9916544816
Site: TwitchTv
IsFavorite: False
GameName: DayZ
ChannelId: 30782393
LoginNameTwtv: xsmak
ThumbnailURI: http://static-cdn.jtvnw.net/previews-ttv/live_user_xsmak-640x400.jpg

[79] = Name: Luddeyaao
Title: Luddeyaao playing miraclehoe live from DH :)
Viewers: 626
Id: 9917253728
Site: TwitchTv
IsFavorite: False
GameName: Hearthstone: Heroes of Warcraft
ChannelId: 37891914
LoginNameTwtv: luddeyaao
ThumbnailURI: http://static-cdn.jtvnw.net/previews-ttv/live_user_luddeyaao-640x400.jpg

[80] = Name: Shoami
Title: German / English Challenger || SoloQ #TheRealGragas #TheThreshPrince || 1000 Follower Crazy Giveaway 24 HOURS STREAM
Viewers: 625
Id: 9915301312
Site: TwitchTv
IsFavorite: False
GameName: League of Legends
ChannelId: 60452432
LoginNameTwtv: shoami
ThumbnailURI: http://static-cdn.jtvnw.net/previews-ttv/live_user_shoami-640x400.jpg

[81] = Name: AmanSeddiqi
Title: PACKS AND Watching ECU vs SUI
Viewers: 620
Id: 9917819280
Site: TwitchTv
IsFavorite: False
GameName: FIFA 14
ChannelId: 29933100
LoginNameTwtv: amanseddiqi
ThumbnailURI: http://static-cdn.jtvnw.net/previews-ttv/live_user_amanseddiqi-640x400.jpg

[82] = Name: FACEITTV
Title: FACEIT.com - DHS14 CS:GO - DAY 2 - NEXT: GROUP D MATCHES
Viewers: 587
Id: 9915220064
Site: TwitchTv
IsFavorite: False
GameName: Counter-Strike: Global Offensive
ChannelId: 27942990
LoginNameTwtv: faceittv
ThumbnailURI: http://static-cdn.jtvnw.net/previews-ttv/live_user_faceittv-640x400.jpg

[83] = Name: SkyCraftProduction
Title: Minecraft SkyWars - FR :)
Viewers: 583
Id: 9918042928
Site: TwitchTv
IsFavorite: False
GameName: Minecraft
ChannelId: 44836545
LoginNameTwtv: skycraftproduction
ThumbnailURI: http://static-cdn.jtvnw.net/previews-ttv/live_user_skycraftproduction-640x400.jpg

[84] = Name: TrU3Ta1ent
Title: USF4 Ranked with Bipson! He sexy
Viewers: 573
Id: 9914707568
Site: TwitchTv
IsFavorite: False
GameName: Ultra Street Fighter IV
ChannelId: 48286022
LoginNameTwtv: tru3ta1ent
ThumbnailURI: http://static-cdn.jtvnw.net/previews-ttv/live_user_tru3ta1ent-640x400.jpg

[85] = Name: gamezet_show
Title: Pashka League of Legends   Team ranked 18 +
Viewers: 571
Id: 9915497168
Site: TwitchTv
IsFavorite: False
GameName: League of Legends
ChannelId: 25104208
LoginNameTwtv: gamezet_show
ThumbnailURI: http://static-cdn.jtvnw.net/previews-ttv/live_user_gamezet_show-640x400.jpg

[86] = Name: Lassiz
Title: Dignitas.Lassiz - SMITE - FapFapFap - Only 1 Loki
Viewers: 542
Id: 9917738288
Site: TwitchTv
IsFavorite: False
GameName: Smite
ChannelId: 23397860
LoginNameTwtv: lassiz
ThumbnailURI: http://static-cdn.jtvnw.net/previews-ttv/live_user_lassiz-640x400.jpg

[87] = Name: Rotpilz
Title: [GER] Rotpilz - Minecraft GALAXY
Viewers: 536
Id: 9918043584
Site: TwitchTv
IsFavorite: False
GameName: Minecraft
ChannelId: 45743861
LoginNameTwtv: rotpilz
ThumbnailURI: http://static-cdn.jtvnw.net/previews-ttv/live_user_rotpilz-640x400.jpg

[88] = Name: Rikhh
Title: Silver Veteran Dungeons, 50 Stalker dps | Attuned & Ready | Realm First 50 Exile Hazak - EU | 50 Stalker DPS - Vet Dungeons | Nihilum
Viewers: 532
Id: 9915087952
Site: TwitchTv
IsFavorite: False
GameName: WildStar
ChannelId: 37361120
LoginNameTwtv: rikhh
ThumbnailURI: http://static-cdn.jtvnw.net/previews-ttv/live_user_rikhh-640x400.jpg

[89] = Name: asfodelpw
Title: Пара боев
Viewers: 530
Id: 9917762368
Site: TwitchTv
IsFavorite: False
GameName: Prime World
ChannelId: 45195765
LoginNameTwtv: asfodelpw
ThumbnailURI: http://static-cdn.jtvnw.net/previews-ttv/live_user_asfodelpw-640x400.jpg

[90] = Name: Soultran
Title: Rank 1 Sion God.  Diamond 1 60 Lp <<GIVEAWAY @ 1500 follow mystery skin ᕕ( ᐛ )ᕗ Diamond 1.Enjoy and learn roaming Beast MODE!
Viewers: 528
Id: 9917769792
Site: TwitchTv
IsFavorite: False
GameName: League of Legends
ChannelId: 23071462
LoginNameTwtv: soultran
ThumbnailURI: http://static-cdn.jtvnw.net/previews-ttv/live_user_soultran-640x400.jpg

[91] = Name: denissniderTV
Title: REI DA MONTANHA
Viewers: 520
Id: 9913719792
Site: TwitchTv
IsFavorite: False
GameName: DayZ
ChannelId: 35782417
LoginNameTwtv: denissnidertv
ThumbnailURI: http://static-cdn.jtvnw.net/previews-ttv/live_user_denissnidertv-640x400.jpg

[92] = Name: 99Damage
Title: DreamHack Summer 2014 - German Stream by 99Damage
Viewers: 516
Id: 9915313792
Site: TwitchTv
IsFavorite: False
GameName: Counter-Strike: Global Offensive
ChannelId: 24208138
LoginNameTwtv: 99damage
ThumbnailURI: http://static-cdn.jtvnw.net/previews-ttv/live_user_99damage-640x400.jpg

[93] = Name: ESL_LOL_Brasil
Title: GO4LOL #85 - Tabela http://bit.ly/1lxhbVt
Viewers: 504
Id: 9917802928
Site: TwitchTv
IsFavorite: False
GameName: League of Legends
ChannelId: 36791492
LoginNameTwtv: esl_lol_brasil
ThumbnailURI: http://static-cdn.jtvnw.net/previews-ttv/live_user_esl_lol_brasil-640x400.jpg

[94] = Name: Biinny
Title: Super Mario 64 - 70 Star Speed Runs (N64)
Viewers: 496
Id: 9917049088
Site: TwitchTv
IsFavorite: False
GameName: Super Mario 64
ChannelId: 22192342
LoginNameTwtv: biinny
ThumbnailURI: http://static-cdn.jtvnw.net/previews-ttv/live_user_biinny-640x400.jpg

[95] = Name: roxkisAbver
Title: [RU] hearthstone
Viewers: 491
Id: 9916356720
Site: TwitchTv
IsFavorite: False
GameName: Hearthstone: Heroes of Warcraft
ChannelId: 25046512
LoginNameTwtv: roxkisabver
ThumbnailURI: http://static-cdn.jtvnw.net/previews-ttv/live_user_roxkisabver-640x400.jpg

[96] = Name: Gamebreakertv
Title: Convert to Raid - Sundays at 9am PDT!
Viewers: 490
Id: 9916957216
Site: TwitchTv
IsFavorite: False
GameName: World of Warcraft: Mists of Pandaria
ChannelId: 9507374
LoginNameTwtv: gamebreakertv
ThumbnailURI: http://static-cdn.jtvnw.net/previews-ttv/live_user_gamebreakertv-640x400.jpg

[97] = Name: SonyaTheEvil
Title: DreamHack HYPE \^o^/  <333 40k HYPE!!!
Viewers: 487
Id: 9916615904
Site: TwitchTv
IsFavorite: False
GameName: Dota 2
ChannelId: 55299511
LoginNameTwtv: sonyatheevil
ThumbnailURI: http://static-cdn.jtvnw.net/previews-ttv/live_user_sonyatheevil-640x400.jpg

[98] = Name: IEBattleGrounds
Title: Super Smash Sundays - Super Arcade 24hr Smash Event - Twitch $250 Pot Bonus - Follow @OXY_Crimson @iebattlegrounds for updates - #SSS
Viewers: 486
Id: 9913930160
Site: TwitchTv
IsFavorite: False
GameName: Super Smash Bros. Melee
ChannelId: 18768172
LoginNameTwtv: iebattlegrounds
ThumbnailURI: http://static-cdn.jtvnw.net/previews-ttv/live_user_iebattlegrounds-640x400.jpg

[99] = Name: ImCoty
Title: UMG Wager Matches - Partnered with @ASTROGaming
Viewers: 478
Id: 9916535760
Site: TwitchTv
IsFavorite: False
GameName: Call of Duty: Ghosts
ChannelId: 21685437
LoginNameTwtv: imcoty
ThumbnailURI: http://static-cdn.jtvnw.net/previews-ttv/live_user_imcoty-640x400.jpg

